// Jest Snapshot v1, https://goo.gl/fbAQLP

exports[`Footer should render link with text 1`] = `
<a
  class="flex"
  href="mailto: nac.in.ua@gmail.com"
>
  nac.in.ua
</a>
`;
